// Jest Snapshot v1, https://goo.gl/fbAQLP

exports[`ComplaintSubmitPrompt should match a snapshot 1`] = `
<div
  className="complaint-submit-prompt"
>
  <p>
    Once you hit the 
    <strong>
      Report It!
    </strong>
     button, the FCC form will pull up and your answers will appear. Just remember,
  </p>
  <ol>
    <li>
      Scoll through and review the form and make any edits you'd like.
    </li>
    <li>
      Check the Captcha that you are not a robot (ironic, we know)
    </li>
    <li>
      Submit the form!
    </li>
  </ol>
  <p>
    Once finished, you should receive an email from the FCC confirming your report. Check out the 
    <strong>
      My Reports
    </strong>
     section to view past reports.
  </p>
</div>
`;
