// Jest Snapshot v1, https://goo.gl/fbAQLP

exports[`UserForm should match a snapshot with an instructions prompt 1`] = `
<NewUserWelcome
  toggleWelcome={[Function]}
/>
`;

exports[`UserForm should match a snapshot with the form itself 1`] = `
<NewUserWelcome
  toggleWelcome={[Function]}
/>
`;
